I20260915 09:59:58.258015 27940 fusion.cc:79] --- StereoFusion::Options ---
I20260915 09:59:58.259280 27940 fusion.cc:80] mask_path: "D:\\Side Projects\\CSX4213_V4_Dense_Work\\upper_geo_g12_3072_v2\\masks"
I20260915 09:59:58.259298 27940 fusion.cc:81] max_image_size: 3072
I20260915 09:59:58.259303 27940 fusion.cc:82] min_num_pixels: 5
I20260915 09:59:58.259308 27940 fusion.cc:83] max_num_pixels: 10000
I20260915 09:59:58.259313 27940 fusion.cc:84] max_traversal_depth: 100
I20260915 09:59:58.259318 27940 fusion.cc:85] max_reproj_error: 2
I20260915 09:59:58.259328 27940 fusion.cc:86] max_depth_error: 0.01
I20260915 09:59:58.259335 27940 fusion.cc:87] max_normal_error: 10
I20260915 09:59:58.259340 27940 fusion.cc:88] check_num_images: 50
I20260915 09:59:58.259345 27940 fusion.cc:89] use_cache: 0
I20260915 09:59:58.259352 27940 fusion.cc:90] cache_size: 32
I20260915 09:59:58.259358 27940 fusion.cc:93] bbox_min: -3.40282e+38 -3.40282e+38 -3.40282e+38
I20260915 09:59:58.259553 27940 fusion.cc:94] bbox_max: 3.40282e+38 3.40282e+38 3.40282e+38
I20260915 09:59:58.259567 27940 fusion.cc:144] Reading workspace...
I20260915 09:59:58.415720 27940 workspace.cc:103] Loading workspace data with 20 threads...
I20260915 10:00:03.778483 27940 timer.cc:90] Elapsed time: 0.089 [minutes]
I20260915 10:00:03.791046 27940 fusion.cc:179] Reading configuration...
I20260915 10:00:18.336338 27940 fusion.cc:247] Starting fusion with 20 threads
I20260915 10:00:18.339574 27940 fusion.cc:283] Fusing image [1/372] with index 0
I20260915 10:00:18.339953 27940 fusion.cc:310]  in 0.000s (0 points)
I20260915 10:00:18.340263 27940 fusion.cc:283] Fusing image [2/372] with index 335
I20260915 10:00:19.151862 27940 fusion.cc:310]  in 0.812s (48155 points)
I20260915 10:00:19.151975 27940 fusion.cc:283] Fusing image [3/372] with index 337
I20260915 10:00:20.084866 27940 fusion.cc:310]  in 0.933s (151502 points)
I20260915 10:00:20.084963 27940 fusion.cc:283] Fusing image [4/372] with index 338
I20260915 10:00:20.857365 27940 fusion.cc:310]  in 0.772s (201455 points)
I20260915 10:00:20.857456 27940 fusion.cc:283] Fusing image [5/372] with index 339
I20260915 10:00:21.625057 27940 fusion.cc:310]  in 0.768s (240079 points)
I20260915 10:00:21.625160 27940 fusion.cc:283] Fusing image [6/372] with index 340
I20260915 10:00:22.369961 27940 fusion.cc:310]  in 0.745s (273121 points)
I20260915 10:00:22.370062 27940 fusion.cc:283] Fusing image [7/372] with index 341
I20260915 10:00:23.012599 27940 fusion.cc:310]  in 0.643s (303210 points)
I20260915 10:00:23.012679 27940 fusion.cc:283] Fusing image [8/372] with index 342
I20260915 10:00:23.623032 27940 fusion.cc:310]  in 0.610s (330300 points)
I20260915 10:00:23.623121 27940 fusion.cc:283] Fusing image [9/372] with index 343
I20260915 10:00:24.171554 27940 fusion.cc:310]  in 0.548s (359263 points)
I20260915 10:00:24.171637 27940 fusion.cc:283] Fusing image [10/372] with index 344
I20260915 10:00:24.735390 27940 fusion.cc:310]  in 0.564s (380221 points)
I20260915 10:00:24.735503 27940 fusion.cc:283] Fusing image [11/372] with index 345
I20260915 10:00:25.281159 27940 fusion.cc:310]  in 0.546s (397763 points)
I20260915 10:00:25.281241 27940 fusion.cc:283] Fusing image [12/372] with index 346
I20260915 10:00:25.824544 27940 fusion.cc:310]  in 0.543s (416165 points)
I20260915 10:00:25.824645 27940 fusion.cc:283] Fusing image [13/372] with index 347
I20260915 10:00:26.393053 27940 fusion.cc:310]  in 0.568s (433042 points)
I20260915 10:00:26.393161 27940 fusion.cc:283] Fusing image [14/372] with index 348
I20260915 10:00:26.928015 27940 fusion.cc:310]  in 0.535s (448513 points)
I20260915 10:00:26.928115 27940 fusion.cc:283] Fusing image [15/372] with index 349
I20260915 10:00:27.438646 27940 fusion.cc:310]  in 0.511s (466148 points)
I20260915 10:00:27.438727 27940 fusion.cc:283] Fusing image [16/372] with index 350
I20260915 10:00:27.957668 27940 fusion.cc:310]  in 0.519s (485921 points)
I20260915 10:00:27.957769 27940 fusion.cc:283] Fusing image [17/372] with index 351
I20260915 10:00:28.492404 27940 fusion.cc:310]  in 0.535s (505798 points)
I20260915 10:00:28.493689 27940 fusion.cc:283] Fusing image [18/372] with index 352
I20260915 10:00:29.072569 27940 fusion.cc:310]  in 0.579s (521330 points)
I20260915 10:00:29.072661 27940 fusion.cc:283] Fusing image [19/372] with index 353
I20260915 10:00:29.648112 27940 fusion.cc:310]  in 0.575s (531237 points)
I20260915 10:00:29.648220 27940 fusion.cc:283] Fusing image [20/372] with index 354
I20260915 10:00:30.157151 27940 fusion.cc:310]  in 0.509s (544580 points)
I20260915 10:00:30.157251 27940 fusion.cc:283] Fusing image [21/372] with index 355
I20260915 10:00:30.644747 27940 fusion.cc:310]  in 0.488s (557280 points)
I20260915 10:00:30.644835 27940 fusion.cc:283] Fusing image [22/372] with index 356
I20260915 10:00:31.118675 27940 fusion.cc:310]  in 0.474s (568748 points)
I20260915 10:00:31.118767 27940 fusion.cc:283] Fusing image [23/372] with index 357
I20260915 10:00:31.605050 27940 fusion.cc:310]  in 0.486s (578882 points)
I20260915 10:00:31.605114 27940 fusion.cc:283] Fusing image [24/372] with index 358
I20260915 10:00:32.086446 27940 fusion.cc:310]  in 0.481s (589359 points)
I20260915 10:00:32.086523 27940 fusion.cc:283] Fusing image [25/372] with index 359
I20260915 10:00:32.540015 27940 fusion.cc:310]  in 0.454s (600257 points)
I20260915 10:00:32.540104 27940 fusion.cc:283] Fusing image [26/372] with index 360
I20260915 10:00:33.008379 27940 fusion.cc:310]  in 0.468s (609686 points)
I20260915 10:00:33.008460 27940 fusion.cc:283] Fusing image [27/372] with index 361
I20260915 10:00:33.501849 27940 fusion.cc:310]  in 0.493s (618315 points)
I20260915 10:00:33.501931 27940 fusion.cc:283] Fusing image [28/372] with index 362
I20260915 10:00:33.963522 27940 fusion.cc:310]  in 0.462s (624938 points)
I20260915 10:00:33.963596 27940 fusion.cc:283] Fusing image [29/372] with index 363
I20260915 10:00:34.417946 27940 fusion.cc:310]  in 0.454s (630320 points)
I20260915 10:00:34.418032 27940 fusion.cc:283] Fusing image [30/372] with index 364
I20260915 10:00:34.861621 27940 fusion.cc:310]  in 0.444s (632950 points)
I20260915 10:00:34.861702 27940 fusion.cc:283] Fusing image [31/372] with index 365
I20260915 10:00:35.328348 27940 fusion.cc:310]  in 0.467s (636424 points)
I20260915 10:00:35.328446 27940 fusion.cc:283] Fusing image [32/372] with index 366
I20260915 10:00:35.784860 27940 fusion.cc:310]  in 0.456s (638784 points)
I20260915 10:00:35.784929 27940 fusion.cc:283] Fusing image [33/372] with index 367
I20260915 10:00:36.217678 27940 fusion.cc:310]  in 0.433s (641397 points)
I20260915 10:00:36.217774 27940 fusion.cc:283] Fusing image [34/372] with index 368
I20260915 10:00:36.648356 27940 fusion.cc:310]  in 0.431s (645809 points)
I20260915 10:00:36.648422 27940 fusion.cc:283] Fusing image [35/372] with index 369
I20260915 10:00:37.125591 27940 fusion.cc:310]  in 0.477s (646627 points)
I20260915 10:00:37.125680 27940 fusion.cc:283] Fusing image [36/372] with index 371
I20260915 10:00:37.611296 27940 fusion.cc:310]  in 0.486s (646666 points)
I20260915 10:00:37.611373 27940 fusion.cc:283] Fusing image [37/372] with index 370
I20260915 10:00:38.034892 27940 fusion.cc:310]  in 0.424s (646666 points)
I20260915 10:00:38.034970 27940 fusion.cc:283] Fusing image [38/372] with index 336
I20260915 10:00:38.699239 27940 fusion.cc:310]  in 0.664s (646666 points)
I20260915 10:00:38.794807 27940 fusion.cc:337] Number of fused points: 646666
I20260915 10:00:38.797203 27940 timer.cc:90] Elapsed time: 0.676 [minutes]
I20260915 10:00:39.096149 27940 mvs.cc:395] Writing output: "C:\\Assumption University\\CSX4213\\Project\\reconstruction\\v4\\dense\\fused_upper_geo_g12_3072_v2.ply"
